2026-08-22 10:15:10,460 - httpx - INFO - HTTP Request: POST https://api.telegram.org/bot8895657314:AAEsYkB93pLiiQ5LbsXeaxB9FOr3050eNS8/getMe "HTTP/1.1 200 OK"
2026-08-22 10:15:10,860 - httpx - INFO - HTTP Request: POST https://api.telegram.org/bot8895657314:AAEsYkB93pLiiQ5LbsXeaxB9FOr3050eNS8/setMyCommands "HTTP/1.1 200 OK"
2026-08-22 10:15:11,307 - httpx - INFO - HTTP Request: POST https://api.telegram.org/bot8895657314:AAEsYkB93pLiiQ5LbsXeaxB9FOr3050eNS8/setMyCommands "HTTP/1.1 200 OK"
2026-08-22 10:15:11,724 - httpx - INFO - HTTP Request: POST https://api.telegram.org/bot8895657314:AAEsYkB93pLiiQ5LbsXeaxB9FOr3050eNS8/deleteWebhook "HTTP/1.1 200 OK"
2026-08-22 10:15:11,728 - apscheduler.scheduler - INFO - Scheduler started
2026-08-22 10:15:11,729 - telegram.ext.Application - INFO - Application started
2026-08-22 10:15:22,315 - httpx - INFO - HTTP Request: POST https://api.telegram.org/bot8895657314:AAEsYkB93pLiiQ5LbsXeaxB9FOr3050eNS8/getUpdates "HTTP/1.1 200 OK"
2026-08-22 10:15:32,502 - httpx - INFO - HTTP Request: POST https://api.telegram.org/bot8895657314:AAEsYkB93pLiiQ5LbsXeaxB9FOr3050eNS8/getUpdates "HTTP/1.1 200 OK"
2026-08-22 10:15:42,706 - httpx - INFO - HTTP Request: POST https://api.telegram.org/bot8895657314:AAEsYkB93pLiiQ5LbsXeaxB9FOr3050eNS8/getUpdates "HTTP/1.1 200 OK"
2026-08-22 10:15:53,392 - httpx - INFO - HTTP Request: POST https://api.telegram.org/bot8895657314:AAEsYkB93pLiiQ5LbsXeaxB9FOr3050eNS8/getUpdates "HTTP/1.1 200 OK"
2026-08-22 10:16:00,682 - httpx - INFO - HTTP Request: POST https://api.telegram.org/bot8895657314:AAEsYkB93pLiiQ5LbsXeaxB9FOr3050eNS8/getUpdates "HTTP/1.1 200 OK"
2026-08-22 10:16:01,472 - httpx - INFO - HTTP Request: POST https://api.telegram.org/bot8895657314:AAEsYkB93pLiiQ5LbsXeaxB9FOr3050eNS8/answerCallbackQuery "HTTP/1.1 200 OK"
2026-08-22 10:16:01,674 - httpx - INFO - HTTP Request: POST https://api.telegram.org/bot8895657314:AAEsYkB93pLiiQ5LbsXeaxB9FOr3050eNS8/getChatMember "HTTP/1.1 200 OK"
2026-08-22 10:16:02,068 - httpx - INFO - HTTP Request: POST https://api.telegram.org/bot8895657314:AAEsYkB93pLiiQ5LbsXeaxB9FOr3050eNS8/editMessageText "HTTP/1.1 200 OK"
2026-08-22 10:16:03,305 - httpx - INFO - HTTP Request: POST https://api.telegram.org/bot8895657314:AAEsYkB93pLiiQ5LbsXeaxB9FOr3050eNS8/getUpdates "HTTP/1.1 200 OK"
2026-08-22 10:16:03,722 - httpx - INFO - HTTP Request: POST https://api.telegram.org/bot8895657314:AAEsYkB93pLiiQ5LbsXeaxB9FOr3050eNS8/answerCallbackQuery "HTTP/1.1 200 OK"
2026-08-22 10:16:03,932 - httpx - INFO - HTTP Request: POST https://api.telegram.org/bot8895657314:AAEsYkB93pLiiQ5LbsXeaxB9FOr3050eNS8/getChatMember "HTTP/1.1 200 OK"
2026-08-22 10:16:04,326 - httpx - INFO - HTTP Request: POST https://api.telegram.org/bot8895657314:AAEsYkB93pLiiQ5LbsXeaxB9FOr3050eNS8/editMessageText "HTTP/1.1 200 OK"
2026-08-22 10:16:13,500 - httpx - INFO - HTTP Request: POST https://api.telegram.org/bot8895657314:AAEsYkB93pLiiQ5LbsXeaxB9FOr3050eNS8/getUpdates "HTTP/1.1 200 OK"
2026-08-22 10:16:13,840 - httpx - INFO - HTTP Request: POST https://api.telegram.org/bot8895657314:AAEsYkB93pLiiQ5LbsXeaxB9FOr3050eNS8/getUpdates "HTTP/1.1 200 OK"
2026-08-22 10:16:14,422 - httpx - INFO - HTTP Request: POST https://api.telegram.org/bot8895657314:AAEsYkB93pLiiQ5LbsXeaxB9FOr3050eNS8/getChatMember "HTTP/1.1 200 OK"
2026-08-22 10:16:14,866 - httpx - INFO - HTTP Request: POST https://api.telegram.org/bot8895657314:AAEsYkB93pLiiQ5LbsXeaxB9FOr3050eNS8/sendMessage "HTTP/1.1 200 OK"
2026-08-22 10:16:15,059 - httpx - INFO - HTTP Request: POST https://api.telegram.org/bot8895657314:AAEsYkB93pLiiQ5LbsXeaxB9FOr3050eNS8/getFile "HTTP/1.1 200 OK"
2026-08-22 10:16:17,117 - httpx - INFO - HTTP Request: GET https://api.telegram.org/file/bot8895657314%3AAAEsYkB93pLiiQ5LbsXeaxB9FOr3050eNS8/documents/file_0.apk "HTTP/1.1 200 OK"
2026-08-22 10:16:24,037 - httpx - INFO - HTTP Request: POST https://api.telegram.org/bot8895657314:AAEsYkB93pLiiQ5LbsXeaxB9FOr3050eNS8/getUpdates "HTTP/1.1 200 OK"
2026-08-22 10:16:34,668 - httpx - INFO - HTTP Request: POST https://api.telegram.org/bot8895657314:AAEsYkB93pLiiQ5LbsXeaxB9FOr3050eNS8/getUpdates "HTTP/1.1 200 OK"
2026-08-22 10:16:44,861 - httpx - INFO - HTTP Request: POST https://api.telegram.org/bot8895657314:AAEsYkB93pLiiQ5LbsXeaxB9FOr3050eNS8/getUpdates "HTTP/1.1 200 OK"
2026-08-22 10:16:53,205 - httpx - INFO - HTTP Request: POST https://api.telegram.org/bot8895657314:AAEsYkB93pLiiQ5LbsXeaxB9FOr3050eNS8/editMessageText "HTTP/1.1 200 OK"
2026-08-22 10:16:53,560 - __main__ - ERROR - FUD build failed: 
2026-08-22 10:16:54,861 - httpx - INFO - HTTP Request: POST https://api.telegram.org/bot8895657314:AAEsYkB93pLiiQ5LbsXeaxB9FOr3050eNS8/editMessageText "HTTP/1.1 200 OK"
2026-08-22 10:16:55,050 - httpx - INFO - HTTP Request: POST https://api.telegram.org/bot8895657314:AAEsYkB93pLiiQ5LbsXeaxB9FOr3050eNS8/getUpdates "HTTP/1.1 200 OK"
2026-08-22 10:17:05,250 - httpx - INFO - HTTP Request: POST https://api.telegram.org/bot8895657314:AAEsYkB93pLiiQ5LbsXeaxB9FOr3050eNS8/getUpdates "HTTP/1.1 200 OK"
2026-08-22 10:17:15,432 - httpx - INFO - HTTP Request: POST https://api.telegram.org/bot8895657314:AAEsYkB93pLiiQ5LbsXeaxB9FOr3050eNS8/getUpdates "HTTP/1.1 200 OK"
2026-08-22 10:17:25,613 - httpx - INFO - HTTP Request: POST https://api.telegram.org/bot8895657314:AAEsYkB93pLiiQ5LbsXeaxB9FOr3050eNS8/getUpdates "HTTP/1.1 200 OK"
2026-08-22 10:17:36,204 - httpx - INFO - HTTP Request: POST https://api.telegram.org/bot8895657314:AAEsYkB93pLiiQ5LbsXeaxB9FOr3050eNS8/getUpdates "HTTP/1.1 200 OK"
2026-08-22 10:17:46,429 - httpx - INFO - HTTP Request: POST https://api.telegram.org/bot8895657314:AAEsYkB93pLiiQ5LbsXeaxB9FOr3050eNS8/getUpdates "HTTP/1.1 200 OK"
2026-08-22 10:17:56,631 - httpx - INFO - HTTP Request: POST https://api.telegram.org/bot8895657314:AAEsYkB93pLiiQ5LbsXeaxB9FOr3050eNS8/getUpdates "HTTP/1.1 200 OK"
2026-08-22 10:18:06,821 - httpx - INFO - HTTP Request: POST https://api.telegram.org/bot8895657314:AAEsYkB93pLiiQ5LbsXeaxB9FOr3050eNS8/getUpdates "HTTP/1.1 200 OK"
2026-08-22 10:18:17,009 - httpx - INFO - HTTP Request: POST https://api.telegram.org/bot8895657314:AAEsYkB93pLiiQ5LbsXeaxB9FOr3050eNS8/getUpdates "HTTP/1.1 200 OK"
2026-08-22 10:18:27,211 - httpx - INFO - HTTP Request: POST https://api.telegram.org/bot8895657314:AAEsYkB93pLiiQ5LbsXeaxB9FOr3050eNS8/getUpdates "HTTP/1.1 200 OK"
2026-08-22 10:18:37,427 - httpx - INFO - HTTP Request: POST https://api.telegram.org/bot8895657314:AAEsYkB93pLiiQ5LbsXeaxB9FOr3050eNS8/getUpdates "HTTP/1.1 200 OK"
2026-08-22 10:18:47,623 - httpx - INFO - HTTP Request: POST https://api.telegram.org/bot8895657314:AAEsYkB93pLiiQ5LbsXeaxB9FOr3050eNS8/getUpdates "HTTP/1.1 200 OK"
2026-08-22 10:18:57,840 - httpx - INFO - HTTP Request: POST https://api.telegram.org/bot8895657314:AAEsYkB93pLiiQ5LbsXeaxB9FOr3050eNS8/getUpdates "HTTP/1.1 200 OK"
2026-08-22 10:19:08,037 - httpx - INFO - HTTP Request: POST https://api.telegram.org/bot8895657314:AAEsYkB93pLiiQ5LbsXeaxB9FOr3050eNS8/getUpdates "HTTP/1.1 200 OK"
2026-08-22 10:19:18,223 - httpx - INFO - HTTP Request: POST https://api.telegram.org/bot8895657314:AAEsYkB93pLiiQ5LbsXeaxB9FOr3050eNS8/getUpdates "HTTP/1.1 200 OK"
2026-08-22 10:19:28,406 - httpx - INFO - HTTP Request: POST https://api.telegram.org/bot8895657314:AAEsYkB93pLiiQ5LbsXeaxB9FOr3050eNS8/getUpdates "HTTP/1.1 200 OK"
2026-08-22 10:19:38,594 - httpx - INFO - HTTP Request: POST https://api.telegram.org/bot8895657314:AAEsYkB93pLiiQ5LbsXeaxB9FOr3050eNS8/getUpdates "HTTP/1.1 200 OK"
2026-08-22 10:19:48,793 - httpx - INFO - HTTP Request: POST https://api.telegram.org/bot8895657314:AAEsYkB93pLiiQ5LbsXeaxB9FOr3050eNS8/getUpdates "HTTP/1.1 200 OK"
2026-08-22 10:19:58,973 - httpx - INFO - HTTP Request: POST https://api.telegram.org/bot8895657314:AAEsYkB93pLiiQ5LbsXeaxB9FOr3050eNS8/getUpdates "HTTP/1.1 200 OK"
2026-08-22 10:20:09,153 - httpx - INFO - HTTP Request: POST https://api.telegram.org/bot8895657314:AAEsYkB93pLiiQ5LbsXeaxB9FOr3050eNS8/getUpdates "HTTP/1.1 200 OK"
2026-08-22 10:20:19,339 - httpx - INFO - HTTP Request: POST https://api.telegram.org/bot8895657314:AAEsYkB93pLiiQ5LbsXeaxB9FOr3050eNS8/getUpdates "HTTP/1.1 200 OK"
2026-08-22 10:20:29,530 - httpx - INFO - HTTP Request: POST https://api.telegram.org/bot8895657314:AAEsYkB93pLiiQ5LbsXeaxB9FOr3050eNS8/getUpdates "HTTP/1.1 200 OK"
2026-08-22 10:20:39,729 - httpx - INFO - HTTP Request: POST https://api.telegram.org/bot8895657314:AAEsYkB93pLiiQ5LbsXeaxB9FOr3050eNS8/getUpdates "HTTP/1.1 200 OK"
2026-08-22 10:20:49,916 - httpx - INFO - HTTP Request: POST https://api.telegram.org/bot8895657314:AAEsYkB93pLiiQ5LbsXeaxB9FOr3050eNS8/getUpdates "HTTP/1.1 200 OK"
2026-08-22 10:21:00,114 - httpx - INFO - HTTP Request: POST https://api.telegram.org/bot8895657314:AAEsYkB93pLiiQ5LbsXeaxB9FOr3050eNS8/getUpdates "HTTP/1.1 200 OK"
2026-08-22 10:21:10,315 - httpx - INFO - HTTP Request: POST https://api.telegram.org/bot8895657314:AAEsYkB93pLiiQ5LbsXeaxB9FOr3050eNS8/getUpdates "HTTP/1.1 200 OK"
2026-08-22 10:21:20,504 - httpx - INFO - HTTP Request: POST https://api.telegram.org/bot8895657314:AAEsYkB93pLiiQ5LbsXeaxB9FOr3050eNS8/getUpdates "HTTP/1.1 200 OK"
2026-08-22 10:21:30,790 - httpx - INFO - HTTP Request: POST https://api.telegram.org/bot8895657314:AAEsYkB93pLiiQ5LbsXeaxB9FOr3050eNS8/getUpdates "HTTP/1.1 200 OK"
2026-08-22 10:21:40,981 - httpx - INFO - HTTP Request: POST https://api.telegram.org/bot8895657314:AAEsYkB93pLiiQ5LbsXeaxB9FOr3050eNS8/getUpdates "HTTP/1.1 200 OK"
2026-08-22 10:21:51,171 - httpx - INFO - HTTP Request: POST https://api.telegram.org/bot8895657314:AAEsYkB93pLiiQ5LbsXeaxB9FOr3050eNS8/getUpdates "HTTP/1.1 200 OK"
2026-08-22 10:22:01,357 - httpx - INFO - HTTP Request: POST https://api.telegram.org/bot8895657314:AAEsYkB93pLiiQ5LbsXeaxB9FOr3050eNS8/getUpdates "HTTP/1.1 200 OK"
2026-08-22 10:22:11,551 - httpx - INFO - HTTP Request: POST https://api.telegram.org/bot8895657314:AAEsYkB93pLiiQ5LbsXeaxB9FOr3050eNS8/getUpdates "HTTP/1.1 200 OK"
2026-08-22 10:22:21,743 - httpx - INFO - HTTP Request: POST https://api.telegram.org/bot8895657314:AAEsYkB93pLiiQ5LbsXeaxB9FOr3050eNS8/getUpdates "HTTP/1.1 200 OK"
2026-08-22 10:22:31,943 - httpx - INFO - HTTP Request: POST https://api.telegram.org/bot8895657314:AAEsYkB93pLiiQ5LbsXeaxB9FOr3050eNS8/getUpdates "HTTP/1.1 200 OK"
2026-08-22 10:22:42,138 - httpx - INFO - HTTP Request: POST https://api.telegram.org/bot8895657314:AAEsYkB93pLiiQ5LbsXeaxB9FOr3050eNS8/getUpdates "HTTP/1.1 200 OK"
2026-08-22 10:22:52,378 - httpx - INFO - HTTP Request: POST https://api.telegram.org/bot8895657314:AAEsYkB93pLiiQ5LbsXeaxB9FOr3050eNS8/getUpdates "HTTP/1.1 200 OK"
2026-08-22 10:23:02,579 - httpx - INFO - HTTP Request: POST https://api.telegram.org/bot8895657314:AAEsYkB93pLiiQ5LbsXeaxB9FOr3050eNS8/getUpdates "HTTP/1.1 200 OK"
2026-08-22 10:23:12,779 - httpx - INFO - HTTP Request: POST https://api.telegram.org/bot8895657314:AAEsYkB93pLiiQ5LbsXeaxB9FOr3050eNS8/getUpdates "HTTP/1.1 200 OK"
2026-08-22 10:23:23,408 - httpx - INFO - HTTP Request: POST https://api.telegram.org/bot8895657314:AAEsYkB93pLiiQ5LbsXeaxB9FOr3050eNS8/getUpdates "HTTP/1.1 200 OK"
2026-08-22 10:23:33,596 - httpx - INFO - HTTP Request: POST https://api.telegram.org/bot8895657314:AAEsYkB93pLiiQ5LbsXeaxB9FOr3050eNS8/getUpdates "HTTP/1.1 200 OK"
2026-08-22 10:23:43,791 - httpx - INFO - HTTP Request: POST https://api.telegram.org/bot8895657314:AAEsYkB93pLiiQ5LbsXeaxB9FOr3050eNS8/getUpdates "HTTP/1.1 200 OK"
2026-08-22 10:23:53,981 - httpx - INFO - HTTP Request: POST https://api.telegram.org/bot8895657314:AAEsYkB93pLiiQ5LbsXeaxB9FOr3050eNS8/getUpdates "HTTP/1.1 200 OK"
2026-08-22 10:24:04,168 - httpx - INFO - HTTP Request: POST https://api.telegram.org/bot8895657314:AAEsYkB93pLiiQ5LbsXeaxB9FOr3050eNS8/getUpdates "HTTP/1.1 200 OK"
2026-08-22 10:24:14,357 - httpx - INFO - HTTP Request: POST https://api.telegram.org/bot8895657314:AAEsYkB93pLiiQ5LbsXeaxB9FOr3050eNS8/getUpdates "HTTP/1.1 200 OK"
2026-08-22 10:24:24,549 - httpx - INFO - HTTP Request: POST https://api.telegram.org/bot8895657314:AAEsYkB93pLiiQ5LbsXeaxB9FOr3050eNS8/getUpdates "HTTP/1.1 200 OK"
2026-08-22 10:24:34,741 - httpx - INFO - HTTP Request: POST https://api.telegram.org/bot8895657314:AAEsYkB93pLiiQ5LbsXeaxB9FOr3050eNS8/getUpdates "HTTP/1.1 200 OK"
2026-08-22 10:24:44,945 - httpx - INFO - HTTP Request: POST https://api.telegram.org/bot8895657314:AAEsYkB93pLiiQ5LbsXeaxB9FOr3050eNS8/getUpdates "HTTP/1.1 200 OK"
2026-08-22 10:24:55,127 - httpx - INFO - HTTP Request: POST https://api.telegram.org/bot8895657314:AAEsYkB93pLiiQ5LbsXeaxB9FOr3050eNS8/getUpdates "HTTP/1.1 200 OK"
2026-08-22 10:25:05,315 - httpx - INFO - HTTP Request: POST https://api.telegram.org/bot8895657314:AAEsYkB93pLiiQ5LbsXeaxB9FOr3050eNS8/getUpdates "HTTP/1.1 200 OK"
2026-08-22 10:25:15,508 - httpx - INFO - HTTP Request: POST https://api.telegram.org/bot8895657314:AAEsYkB93pLiiQ5LbsXeaxB9FOr3050eNS8/getUpdates "HTTP/1.1 200 OK"
2026-08-22 10:25:25,695 - httpx - INFO - HTTP Request: POST https://api.telegram.org/bot8895657314:AAEsYkB93pLiiQ5LbsXeaxB9FOr3050eNS8/getUpdates "HTTP/1.1 200 OK"
2026-08-22 10:25:35,898 - httpx - INFO - HTTP Request: POST https://api.telegram.org/bot8895657314:AAEsYkB93pLiiQ5LbsXeaxB9FOr3050eNS8/getUpdates "HTTP/1.1 200 OK"
2026-08-22 10:26:43,536 - httpx - INFO - HTTP Request: POST https://api.telegram.org/bot8895657314:AAEsYkB93pLiiQ5LbsXeaxB9FOr3050eNS8/getUpdates "HTTP/1.1 200 OK"
2026-08-22 10:26:54,206 - httpx - INFO - HTTP Request: POST https://api.telegram.org/bot8895657314:AAEsYkB93pLiiQ5LbsXeaxB9FOr3050eNS8/getUpdates "HTTP/1.1 200 OK"
2026-08-22 10:27:04,395 - httpx - INFO - HTTP Request: POST https://api.telegram.org/bot8895657314:AAEsYkB93pLiiQ5LbsXeaxB9FOr3050eNS8/getUpdates "HTTP/1.1 200 OK"
2026-08-22 10:27:14,594 - httpx - INFO - HTTP Request: POST https://api.telegram.org/bot8895657314:AAEsYkB93pLiiQ5LbsXeaxB9FOr3050eNS8/getUpdates "HTTP/1.1 200 OK"
2026-08-22 10:27:24,797 - httpx - INFO - HTTP Request: POST https://api.telegram.org/bot8895657314:AAEsYkB93pLiiQ5LbsXeaxB9FOr3050eNS8/getUpdates "HTTP/1.1 200 OK"
2026-08-22 10:27:35,259 - httpx - INFO - HTTP Request: POST https://api.telegram.org/bot8895657314:AAEsYkB93pLiiQ5LbsXeaxB9FOr3050eNS8/getUpdates "HTTP/1.1 200 OK"
2026-08-22 10:27:45,509 - httpx - INFO - HTTP Request: POST https://api.telegram.org/bot8895657314:AAEsYkB93pLiiQ5LbsXeaxB9FOr3050eNS8/getUpdates "HTTP/1.1 200 OK"
2026-08-22 10:27:55,707 - httpx - INFO - HTTP Request: POST https://api.telegram.org/bot8895657314:AAEsYkB93pLiiQ5LbsXeaxB9FOr3050eNS8/getUpdates "HTTP/1.1 200 OK"
2026-08-22 10:28:05,908 - httpx - INFO - HTTP Request: POST https://api.telegram.org/bot8895657314:AAEsYkB93pLiiQ5LbsXeaxB9FOr3050eNS8/getUpdates "HTTP/1.1 200 OK"
2026-08-22 10:28:16,104 - httpx - INFO - HTTP Request: POST https://api.telegram.org/bot8895657314:AAEsYkB93pLiiQ5LbsXeaxB9FOr3050eNS8/getUpdates "HTTP/1.1 200 OK"
2026-08-22 10:28:26,306 - httpx - INFO - HTTP Request: POST https://api.telegram.org/bot8895657314:AAEsYkB93pLiiQ5LbsXeaxB9FOr3050eNS8/getUpdates "HTTP/1.1 200 OK"
2026-08-22 10:28:36,498 - httpx - INFO - HTTP Request: POST https://api.telegram.org/bot8895657314:AAEsYkB93pLiiQ5LbsXeaxB9FOr3050eNS8/getUpdates "HTTP/1.1 200 OK"
2026-08-22 10:28:46,689 - httpx - INFO - HTTP Request: POST https://api.telegram.org/bot8895657314:AAEsYkB93pLiiQ5LbsXeaxB9FOr3050eNS8/getUpdates "HTTP/1.1 200 OK"
2026-08-22 10:28:56,884 - httpx - INFO - HTTP Request: POST https://api.telegram.org/bot8895657314:AAEsYkB93pLiiQ5LbsXeaxB9FOr3050eNS8/getUpdates "HTTP/1.1 200 OK"
2026-08-22 10:29:07,078 - httpx - INFO - HTTP Request: POST https://api.telegram.org/bot8895657314:AAEsYkB93pLiiQ5LbsXeaxB9FOr3050eNS8/getUpdates "HTTP/1.1 200 OK"
2026-08-22 10:29:17,448 - httpx - INFO - HTTP Request: POST https://api.telegram.org/bot8895657314:AAEsYkB93pLiiQ5LbsXeaxB9FOr3050eNS8/getUpdates "HTTP/1.1 200 OK"
2026-08-22 10:29:27,900 - httpx - INFO - HTTP Request: POST https://api.telegram.org/bot8895657314:AAEsYkB93pLiiQ5LbsXeaxB9FOr3050eNS8/getUpdates "HTTP/1.1 200 OK"
2026-08-22 10:29:38,094 - httpx - INFO - HTTP Request: POST https://api.telegram.org/bot8895657314:AAEsYkB93pLiiQ5LbsXeaxB9FOr3050eNS8/getUpdates "HTTP/1.1 200 OK"
2026-08-22 10:29:48,276 - httpx - INFO - HTTP Request: POST https://api.telegram.org/bot8895657314:AAEsYkB93pLiiQ5LbsXeaxB9FOr3050eNS8/getUpdates "HTTP/1.1 200 OK"
2026-08-22 10:29:58,487 - httpx - INFO - HTTP Request: POST https://api.telegram.org/bot8895657314:AAEsYkB93pLiiQ5LbsXeaxB9FOr3050eNS8/getUpdates "HTTP/1.1 200 OK"
2026-08-22 10:30:08,687 - httpx - INFO - HTTP Request: POST https://api.telegram.org/bot8895657314:AAEsYkB93pLiiQ5LbsXeaxB9FOr3050eNS8/getUpdates "HTTP/1.1 200 OK"
2026-08-22 10:30:18,878 - httpx - INFO - HTTP Request: POST https://api.telegram.org/bot8895657314:AAEsYkB93pLiiQ5LbsXeaxB9FOr3050eNS8/getUpdates "HTTP/1.1 200 OK"
2026-08-22 10:30:29,077 - httpx - INFO - HTTP Request: POST https://api.telegram.org/bot8895657314:AAEsYkB93pLiiQ5LbsXeaxB9FOr3050eNS8/getUpdates "HTTP/1.1 200 OK"
2026-08-22 10:30:39,278 - httpx - INFO - HTTP Request: POST https://api.telegram.org/bot8895657314:AAEsYkB93pLiiQ5LbsXeaxB9FOr3050eNS8/getUpdates "HTTP/1.1 200 OK"
2026-08-22 10:30:49,494 - httpx - INFO - HTTP Request: POST https://api.telegram.org/bot8895657314:AAEsYkB93pLiiQ5LbsXeaxB9FOr3050eNS8/getUpdates "HTTP/1.1 200 OK"
2026-08-22 10:30:59,888 - httpx - INFO - HTTP Request: POST https://api.telegram.org/bot8895657314:AAEsYkB93pLiiQ5LbsXeaxB9FOr3050eNS8/getUpdates "HTTP/1.1 200 OK"
2026-08-22 10:31:10,066 - httpx - INFO - HTTP Request: POST https://api.telegram.org/bot8895657314:AAEsYkB93pLiiQ5LbsXeaxB9FOr3050eNS8/getUpdates "HTTP/1.1 200 OK"
2026-08-22 10:31:20,259 - httpx - INFO - HTTP Request: POST https://api.telegram.org/bot8895657314:AAEsYkB93pLiiQ5LbsXeaxB9FOr3050eNS8/getUpdates "HTTP/1.1 200 OK"
2026-08-22 10:31:30,498 - httpx - INFO - HTTP Request: POST https://api.telegram.org/bot8895657314:AAEsYkB93pLiiQ5LbsXeaxB9FOr3050eNS8/getUpdates "HTTP/1.1 200 OK"
2026-08-22 10:31:40,690 - httpx - INFO - HTTP Request: POST https://api.telegram.org/bot8895657314:AAEsYkB93pLiiQ5LbsXeaxB9FOr3050eNS8/getUpdates "HTTP/1.1 200 OK"
2026-08-22 10:31:50,876 - httpx - INFO - HTTP Request: POST https://api.telegram.org/bot8895657314:AAEsYkB93pLiiQ5LbsXeaxB9FOr3050eNS8/getUpdates "HTTP/1.1 200 OK"
2026-08-22 10:32:01,063 - httpx - INFO - HTTP Request: POST https://api.telegram.org/bot8895657314:AAEsYkB93pLiiQ5LbsXeaxB9FOr3050eNS8/getUpdates "HTTP/1.1 200 OK"
2026-08-22 10:32:11,260 - httpx - INFO - HTTP Request: POST https://api.telegram.org/bot8895657314:AAEsYkB93pLiiQ5LbsXeaxB9FOr3050eNS8/getUpdates "HTTP/1.1 200 OK"
2026-08-22 10:32:21,448 - httpx - INFO - HTTP Request: POST https://api.telegram.org/bot8895657314:AAEsYkB93pLiiQ5LbsXeaxB9FOr3050eNS8/getUpdates "HTTP/1.1 200 OK"
2026-08-22 10:32:31,633 - httpx - INFO - HTTP Request: POST https://api.telegram.org/bot8895657314:AAEsYkB93pLiiQ5LbsXeaxB9FOr3050eNS8/getUpdates "HTTP/1.1 200 OK"
2026-08-22 10:32:41,823 - httpx - INFO - HTTP Request: POST https://api.telegram.org/bot8895657314:AAEsYkB93pLiiQ5LbsXeaxB9FOr3050eNS8/getUpdates "HTTP/1.1 200 OK"
2026-08-22 10:32:52,021 - httpx - INFO - HTTP Request: POST https://api.telegram.org/bot8895657314:AAEsYkB93pLiiQ5LbsXeaxB9FOr3050eNS8/getUpdates "HTTP/1.1 200 OK"
2026-08-22 10:33:02,207 - httpx - INFO - HTTP Request: POST https://api.telegram.org/bot8895657314:AAEsYkB93pLiiQ5LbsXeaxB9FOr3050eNS8/getUpdates "HTTP/1.1 200 OK"
2026-08-22 10:33:12,395 - httpx - INFO - HTTP Request: POST https://api.telegram.org/bot8895657314:AAEsYkB93pLiiQ5LbsXeaxB9FOr3050eNS8/getUpdates "HTTP/1.1 200 OK"
2026-08-22 10:33:22,664 - httpx - INFO - HTTP Request: POST https://api.telegram.org/bot8895657314:AAEsYkB93pLiiQ5LbsXeaxB9FOr3050eNS8/getUpdates "HTTP/1.1 200 OK"
2026-08-22 10:33:32,854 - httpx - INFO - HTTP Request: POST https://api.telegram.org/bot8895657314:AAEsYkB93pLiiQ5LbsXeaxB9FOr3050eNS8/getUpdates "HTTP/1.1 200 OK"
2026-08-22 10:33:43,052 - httpx - INFO - HTTP Request: POST https://api.telegram.org/bot8895657314:AAEsYkB93pLiiQ5LbsXeaxB9FOr3050eNS8/getUpdates "HTTP/1.1 200 OK"
2026-08-22 10:33:53,240 - httpx - INFO - HTTP Request: POST https://api.telegram.org/bot8895657314:AAEsYkB93pLiiQ5LbsXeaxB9FOr3050eNS8/getUpdates "HTTP/1.1 200 OK"
2026-08-22 10:34:03,444 - httpx - INFO - HTTP Request: POST https://api.telegram.org/bot8895657314:AAEsYkB93pLiiQ5LbsXeaxB9FOr3050eNS8/getUpdates "HTTP/1.1 200 OK"
2026-08-22 10:34:13,636 - httpx - INFO - HTTP Request: POST https://api.telegram.org/bot8895657314:AAEsYkB93pLiiQ5LbsXeaxB9FOr3050eNS8/getUpdates "HTTP/1.1 200 OK"
2026-08-22 10:34:23,826 - httpx - INFO - HTTP Request: POST https://api.telegram.org/bot8895657314:AAEsYkB93pLiiQ5LbsXeaxB9FOr3050eNS8/getUpdates "HTTP/1.1 200 OK"
2026-08-22 10:34:34,016 - httpx - INFO - HTTP Request: POST https://api.telegram.org/bot8895657314:AAEsYkB93pLiiQ5LbsXeaxB9FOr3050eNS8/getUpdates "HTTP/1.1 200 OK"
2026-08-22 10:34:44,202 - httpx - INFO - HTTP Request: POST https://api.telegram.org/bot8895657314:AAEsYkB93pLiiQ5LbsXeaxB9FOr3050eNS8/getUpdates "HTTP/1.1 200 OK"
2026-08-22 10:34:54,401 - httpx - INFO - HTTP Request: POST https://api.telegram.org/bot8895657314:AAEsYkB93pLiiQ5LbsXeaxB9FOr3050eNS8/getUpdates "HTTP/1.1 200 OK"
2026-08-22 10:35:04,650 - httpx - INFO - HTTP Request: POST https://api.telegram.org/bot8895657314:AAEsYkB93pLiiQ5LbsXeaxB9FOr3050eNS8/getUpdates "HTTP/1.1 200 OK"
2026-08-22 10:35:14,843 - httpx - INFO - HTTP Request: POST https://api.telegram.org/bot8895657314:AAEsYkB93pLiiQ5LbsXeaxB9FOr3050eNS8/getUpdates "HTTP/1.1 200 OK"
2026-08-22 10:35:25,035 - httpx - INFO - HTTP Request: POST https://api.telegram.org/bot8895657314:AAEsYkB93pLiiQ5LbsXeaxB9FOr3050eNS8/getUpdates "HTTP/1.1 200 OK"
2026-08-22 10:35:35,227 - httpx - INFO - HTTP Request: POST https://api.telegram.org/bot8895657314:AAEsYkB93pLiiQ5LbsXeaxB9FOr3050eNS8/getUpdates "HTTP/1.1 200 OK"
2026-08-22 10:35:45,411 - httpx - INFO - HTTP Request: POST https://api.telegram.org/bot8895657314:AAEsYkB93pLiiQ5LbsXeaxB9FOr3050eNS8/getUpdates "HTTP/1.1 200 OK"
2026-08-22 10:35:55,600 - httpx - INFO - HTTP Request: POST https://api.telegram.org/bot8895657314:AAEsYkB93pLiiQ5LbsXeaxB9FOr3050eNS8/getUpdates "HTTP/1.1 200 OK"
2026-08-22 10:36:05,780 - httpx - INFO - HTTP Request: POST https://api.telegram.org/bot8895657314:AAEsYkB93pLiiQ5LbsXeaxB9FOr3050eNS8/getUpdates "HTTP/1.1 200 OK"
2026-08-22 10:36:15,959 - httpx - INFO - HTTP Request: POST https://api.telegram.org/bot8895657314:AAEsYkB93pLiiQ5LbsXeaxB9FOr3050eNS8/getUpdates "HTTP/1.1 200 OK"
2026-08-22 10:36:26,201 - httpx - INFO - HTTP Request: POST https://api.telegram.org/bot8895657314:AAEsYkB93pLiiQ5LbsXeaxB9FOr3050eNS8/getUpdates "HTTP/1.1 200 OK"
2026-08-22 10:36:36,477 - httpx - INFO - HTTP Request: POST https://api.telegram.org/bot8895657314:AAEsYkB93pLiiQ5LbsXeaxB9FOr3050eNS8/getUpdates "HTTP/1.1 200 OK"
2026-08-22 10:36:46,662 - httpx - INFO - HTTP Request: POST https://api.telegram.org/bot8895657314:AAEsYkB93pLiiQ5LbsXeaxB9FOr3050eNS8/getUpdates "HTTP/1.1 200 OK"
2026-08-22 10:36:56,850 - httpx - INFO - HTTP Request: POST https://api.telegram.org/bot8895657314:AAEsYkB93pLiiQ5LbsXeaxB9FOr3050eNS8/getUpdates "HTTP/1.1 200 OK"
2026-08-22 10:37:07,050 - httpx - INFO - HTTP Request: POST https://api.telegram.org/bot8895657314:AAEsYkB93pLiiQ5LbsXeaxB9FOr3050eNS8/getUpdates "HTTP/1.1 200 OK"
2026-08-22 10:37:17,250 - httpx - INFO - HTTP Request: POST https://api.telegram.org/bot8895657314:AAEsYkB93pLiiQ5LbsXeaxB9FOr3050eNS8/getUpdates "HTTP/1.1 200 OK"
2026-08-22 10:37:27,440 - httpx - INFO - HTTP Request: POST https://api.telegram.org/bot8895657314:AAEsYkB93pLiiQ5LbsXeaxB9FOr3050eNS8/getUpdates "HTTP/1.1 200 OK"
2026-08-22 10:37:37,721 - httpx - INFO - HTTP Request: POST https://api.telegram.org/bot8895657314:AAEsYkB93pLiiQ5LbsXeaxB9FOr3050eNS8/getUpdates "HTTP/1.1 200 OK"
2026-08-22 10:37:47,920 - httpx - INFO - HTTP Request: POST https://api.telegram.org/bot8895657314:AAEsYkB93pLiiQ5LbsXeaxB9FOr3050eNS8/getUpdates "HTTP/1.1 200 OK"
2026-08-22 10:38:01,472 - httpx - INFO - HTTP Request: POST https://api.telegram.org/bot8895657314:AAEsYkB93pLiiQ5LbsXeaxB9FOr3050eNS8/getUpdates "HTTP/1.1 200 OK"
2026-08-22 10:38:11,668 - httpx - INFO - HTTP Request: POST https://api.telegram.org/bot8895657314:AAEsYkB93pLiiQ5LbsXeaxB9FOr3050eNS8/getUpdates "HTTP/1.1 200 OK"
2026-08-22 10:38:21,856 - httpx - INFO - HTTP Request: POST https://api.telegram.org/bot8895657314:AAEsYkB93pLiiQ5LbsXeaxB9FOr3050eNS8/getUpdates "HTTP/1.1 200 OK"
2026-08-22 10:38:32,038 - httpx - INFO - HTTP Request: POST https://api.telegram.org/bot8895657314:AAEsYkB93pLiiQ5LbsXeaxB9FOr3050eNS8/getUpdates "HTTP/1.1 200 OK"
2026-08-22 10:38:42,303 - httpx - INFO - HTTP Request: POST https://api.telegram.org/bot8895657314:AAEsYkB93pLiiQ5LbsXeaxB9FOr3050eNS8/getUpdates "HTTP/1.1 200 OK"
2026-08-22 10:38:52,506 - httpx - INFO - HTTP Request: POST https://api.telegram.org/bot8895657314:AAEsYkB93pLiiQ5LbsXeaxB9FOr3050eNS8/getUpdates "HTTP/1.1 200 OK"
2026-08-22 10:39:02,696 - httpx - INFO - HTTP Request: POST https://api.telegram.org/bot8895657314:AAEsYkB93pLiiQ5LbsXeaxB9FOr3050eNS8/getUpdates "HTTP/1.1 200 OK"
2026-08-22 10:39:12,907 - httpx - INFO - HTTP Request: POST https://api.telegram.org/bot8895657314:AAEsYkB93pLiiQ5LbsXeaxB9FOr3050eNS8/getUpdates "HTTP/1.1 200 OK"
